
=== hello ===
hello, world

=== sum of squares ===
1..10 = 385

=== match ===
circle area ~ 75
rect area   = 24

=== assert ===
asserts ok

=== error chain ===
got 25

=== generics ===
id i32:     42
id string:  hello
id float:   3.14
pick first: 7
pick first: kept
head ints:  10
id_twice:   7

=== list utilities ===
nums:       [1, 2, 3, 4, 5]
doubled:    [2, 4, 6, 8, 10]
evens:      [2, 4]
any even:   true
count even: 2
sum:        15
reverse:    [5, 4, 3, 2, 1]
take 3:     [1, 2, 3]
drop 3:     [4, 5]

=== map ===
size = 3
alice -> 30
doug: not found
has bob? true
after remove, has bob? false

=== universal print ===
42
3.14
true
Point { x: 10.5, y: 20.25 }
(1, "two", 3)

=== interpolation ===
Hello, Alice!
Alice is 30 years old
sum = 6, product = 42
not interpolated: \{name}

=== file io ===
wrote ok
read back: hello from kitchen sink

expected ENOENT: errno=2

=== actors ===
counter = 15

=== multi actor ===
a = 15
b = 150
